ASxxxx Linker V03.00 + NoICE + sdld,  page 1.
Hexadecimal  [32-Bits]

Area                                    Addr        Size        Decimal Bytes (Attributes)
--------------------------------        ----        ----        ------- ----- ------------
CABS                                00000000    00000000 =           0. bytes (ABS,CON,CODE)

      Value  Global                              Global Defined In Module
      -----  --------------------------------   ------------------------
C:   00000000  l_BIT_BANK                      
C:   00000000  l_BSEG                          
C:   00000000  l_BSEG_BYTES                    
C:   00000000  l_CABS                          
C:   00000000  l_GSINIT1                       
C:   00000000  l_GSINIT5                       
C:   00000000  l_IABS                          
C:   00000000  l_ISEG                          
C:   00000000  l_PSEG                          
C:   00000000  l_REG_BANK_1                    
C:   00000000  l_REG_BANK_2                    
C:   00000000  l_REG_BANK_3                    
C:   00000000  l_RSEG                          
C:   00000000  l_RSEG0                         
C:   00000000  l_RSEG1                         
C:   00000000  l_XABS                          
C:   00000000  l_XINIT                         
C:   00000000  l_XISEG                         
C:   00000000  l__CODE                         
C:   00000000  s_BSEG                          
C:   00000000  s_CABS                          
C:   00000000  s_DSEG                          
C:   00000000  s_HOME                          
C:   00000000  s_IABS                          
C:   00000000  s_ISEG                          
C:   00000000  s_REG_BANK_0                    
C:   00000000  s_RSEG                          
C:   00000000  s_RSEG0                         
C:   00000000  s_RSEG1                         
C:   00000000  s_XABS                          
C:   00000003  l_GSFINAL                       
C:   00000003  l_GSINIT0                       
C:   00000003  l_OSEG                          
C:   00000007  l_XSEG                          
C:   00000008  l_REG_BANK_0                    
C:   00000008  s_REG_BANK_1                    
C:   0000000A  l_GSINIT2                       
C:   00000010  l_GSINIT                        
C:   00000010  s_REG_BANK_2                    
C:   00000018  s_BIT_BANK                      
C:   00000018  s_REG_BANK_3                    
C:   00000020  s_BSEG_BYTES                    
C:   00000020  s__CODE                         
C:   00000022  l_GSINIT3                       
C:   00000029  l_HOME                          
C:   00000029  s_GSINIT0                       
C:   0000002A  l_GSINIT4                       
C:   0000002C  s_GSINIT1                       
C:   0000002C  s_GSINIT2                       
C:   00000036  s_GSINIT3                       
ASxxxx Linker V03.00 + NoICE + sdld,  page 2.
Hexadecimal  [32-Bits]

Area                                    Addr        Size        Decimal Bytes (Attributes)
--------------------------------        ----        ----        ------- ----- ------------
CABS                                00000000    00000000 =           0. bytes (ABS,CON,CODE)

      Value  Global                              Global Defined In Module
      -----  --------------------------------   ------------------------
C:   00000045  s_OSEG                          
C:   00000048  s_SSEG                          
C:   00000058  s_GSINIT4                       
C:   00000080  l_DSEG                          
C:   00000082  s_GSINIT                        
C:   00000082  s_GSINIT5                       
C:   00000092  s_GSFINAL                       
C:   00000095  s_CSEG                          
C:   000000B8  l_SSEG                          
C:   00000100  l_IRAM                          
C:   000010FB  l_CSEG                          
C:   00001190  s_CONST                         
C:   000020A2  l_CONST                         
C:   00003232  s_XINIT                         
C:   00006000  s_PSEG                          
C:   00006000  s_XSEG                          
C:   00006007  s_XISEG                         

ASxxxx Linker V03.00 + NoICE + sdld,  page 3.
Hexadecimal  [32-Bits]

Area                                    Addr        Size        Decimal Bytes (Attributes)
--------------------------------        ----        ----        ------- ----- ------------
.  .ABS.                            00000000    00000000 =           0. bytes (ABS,CON)

      Value  Global                              Global Defined In Module
      -----  --------------------------------   ------------------------
     00000000  .__.ABS.                           _startup
     00000000  _usb_buffer                        usb
     00000080  _P0                                serial
     00000081  _SP                                serial
     00000082  _DPL                               serial
     00000083  _DPH                               serial
     00000087  _PCON                              serial
     00000088  _IT0                               serial
     00000088  _TCON                              serial
     00000089  _IE0                               serial
     00000089  _TMOD                              serial
     0000008A  _IT1                               serial
     0000008A  _TL0                               serial
     0000008B  _IE1                               serial
     0000008B  _TL1                               serial
     0000008C  _TH0                               serial
     0000008C  _TR0                               serial
     0000008D  _TF0                               serial
     0000008D  _TH1                               serial
     0000008E  _TR1                               serial
     0000008F  _TF1                               serial
     00000090  _P1                                serial
     00000098  _RI                                serial
     00000098  _SCON                              serial
     00000099  _SBUF                              serial
     00000099  _TI                                serial
     0000009A  _RB8                               serial
     0000009B  _TB8                               serial
     0000009C  _REN                               serial
     0000009D  _SM2                               serial
     0000009E  _SM1                               serial
     0000009F  _SM0                               serial
     000000A0  _P2                                serial
     000000A0  __XPAGE                            
     000000A8  _EX0                               serial
     000000A8  _IE                                serial
     000000A9  _ET0                               serial
     000000AA  _EX1                               serial
     000000AB  _ET1                               serial
     000000AC  _ES                                serial
     000000AF  _EA                                serial
     000000B0  _P3                                serial
     000000B0  _RXD                               serial
     000000B1  _TXD                               serial
     000000B2  _INT0                              serial
     000000B3  _INT1                              serial
     000000B4  _T0                                serial
     000000B5  _T1                                serial
     000000B6  _WR                                serial
     000000B7  _RD                                serial
ASxxxx Linker V03.00 + NoICE + sdld,  page 4.
Hexadecimal  [32-Bits]

Area                                    Addr        Size        Decimal Bytes (Attributes)
--------------------------------        ----        ----        ------- ----- ------------
.  .ABS.                            00000000    00000000 =           0. bytes (ABS,CON)

      Value  Global                              Global Defined In Module
      -----  --------------------------------   ------------------------
     000000B8  _IP                                serial
     000000B8  _PX0                               serial
     000000B9  _PT0                               serial
     000000BA  _PX1                               serial
     000000BB  _PT1                               serial
     000000BC  _PS                                serial
     000000D0  _P                                 serial
     000000D0  _PSW                               serial
     000000D2  _OV                                serial
     000000D3  _RS0                               serial
     000000D4  _RS1                               serial
     000000D5  _F0                                serial
     000000D6  _AC                                serial
     000000D7  _CY                                serial
     000000E0  _ACC                               serial
     000000F0  _B                                 serial
     000000F5  _B_5                               _gptrput
     000000F6  _B_6                               _gptrput
     000000F7  _B_7                               _gptrput
     0000F000  _REGBANK                           serial
     0000F008  _USBCTL                            serial
     0000F009  _USBSTAT                           serial
     0000F020  _EPIRQ                             serial
     0000F027  _USBIRQ                            serial
     0000F030  _EPIE                              serial
     0000F048  _EP0CS                             serial
     0000F0B8  _SETUPDAT                          serial
     0000F1C0  _EP0                               serial
     0000F200  _EP1                               serial
     0000F240  _EP2                               serial
     0000F280  _EP3                               serial
     0000F2C0  _EP4                               serial
     0000F608  _NANDCSOUT                         serial
     0000F618  _NANDCSDIR                         serial
     0000F900  _DMASRCL                           serial
     0000F901  _DMASRCM                           serial
     0000F902  _DMASRCH                           serial
     0000F904  _DMADSTL                           serial
     0000F905  _DMADSTM                           serial
     0000F906  _DMADSTH                           serial
     0000F908  _DMASIZEL                          serial
     0000F909  _DMASIZEM                          serial
     0000F90A  _DMASIZEH                          serial
     0000F90C  _DMAFILL0                          serial
     0000F90D  _DMAFILL1                          serial
     0000F90E  _DMAFILL2                          serial
     0000F90F  _DMAFILL3                          serial
     0000F930  _DMACMD                            serial
     0000FA14  _GPIO0DIR                          serial
     0000FA15  _GPIO0OUT                          serial
     0000FA38  _WARMSTATUS                        serial
ASxxxx Linker V03.00 + NoICE + sdld,  page 5.
Hexadecimal  [32-Bits]

Area                                    Addr        Size        Decimal Bytes (Attributes)
--------------------------------        ----        ----        ------- ----- ------------
.  .ABS.                            00000000    00000000 =           0. bytes (ABS,CON)

      Value  Global                              Global Defined In Module
      -----  --------------------------------   ------------------------
     0000FA40  _BANK0PAL                          serial
     0000FA41  _BANK0PAH                          serial
     0000FA42  _BANK1VA                           serial
     0000FA43  _BANK1PAL                          serial
     0000FA44  _BANK1PAH                          serial
     0000FA45  _BANK2VA                           serial
     0000FA46  _BANK2PAL                          serial
     0000FA47  _BANK2PAH                          serial
     0000FA48  _PRAMCTL                           serial

ASxxxx Linker V03.00 + NoICE + sdld,  page 6.
Hexadecimal  [32-Bits]

Area                                    Addr        Size        Decimal Bytes (Attributes)
--------------------------------        ----        ----        ------- ----- ------------
REG_BANK_0                          00000000    00000008 =           8. bytes (REL,OVR)

      Value  Global                              Global Defined In Module
      -----  --------------------------------   ------------------------
ASxxxx Linker V03.00 + NoICE + sdld,  page 7.
Hexadecimal  [32-Bits]

Area                                    Addr        Size        Decimal Bytes (Attributes)
--------------------------------        ----        ----        ------- ----- ------------
DSEG                                00000000    00000080 =         128. bytes (REL,CON)

      Value  Global                              Global Defined In Module
      -----  --------------------------------   ------------------------
     00000008  _key_index                         main
     0000000A  _send_keys_enabled                 main
     0000000B  _wait_counter                      main
     0000000F  _wait_tick                         main
     0000001A  _bmRequestType                     usb
     0000001B  _bRequest                          usb
     0000001C  _wValue                            usb
     0000001E  _wIndex                            usb
     00000020  _wLength                           usb
     00000022  _usb_speed                         usb
     00000023  _SendData0_PARM_2                  usb
     00000024  _SendData1_PARM_2                  usb
     00000025  _scsi_status                       scsi
     00000026  _scsi_data_residue                 scsi
     0000002A  _scsi_transfer_size                scsi
     0000002E  _scsi_tag                          scsi
     00000032  _scsi_dir_in                       scsi
     00000033  _scsi_lun                          scsi
     00000034  _scsi_cdb                          scsi
     00000044  _scsi_cdb_size                     scsi

ASxxxx Linker V03.00 + NoICE + sdld,  page 8.
Hexadecimal  [32-Bits]

Area                                    Addr        Size        Decimal Bytes (Attributes)
--------------------------------        ----        ----        ------- ----- ------------
OSEG                                00000045    00000003 =           3. bytes (REL,OVR)

      Value  Global                              Global Defined In Module
      -----  --------------------------------   ------------------------
     00000045  _SendKey_PARM_2                    main
     00000045  _SetDMA_PARM_2                     usb
     00000045  __divsint_PARM_2                   _divuint
     00000045  __divuint_PARM_2                   _divuint
     00000045  __gptrput_PARM_2                   _gptrput
     00000045  _memset_PARM_2                     _memset
     00000046  _SetDMA_PARM_3                     usb
     00000046  _memset_PARM_3                     _memset

ASxxxx Linker V03.00 + NoICE + sdld,  page 9.
Hexadecimal  [32-Bits]

Area                                    Addr        Size        Decimal Bytes (Attributes)
--------------------------------        ----        ----        ------- ----- ------------
SSEG                                00000048    000000B8 =         184. bytes (REL,OVR)

      Value  Global                              Global Defined In Module
      -----  --------------------------------   ------------------------
     00000048  __start__stack                     main

ASxxxx Linker V03.00 + NoICE + sdld,  page 10.
Hexadecimal  [32-Bits]

Area                                    Addr        Size        Decimal Bytes (Attributes)
--------------------------------        ----        ----        ------- ----- ------------
XSEG                                00006000    00000007 =           7. bytes (REL,CON,XDATA)

      Value  Global                              Global Defined In Module
      -----  --------------------------------   ------------------------
D:   00006005  _usb_received_data_ready           usb
D:   00006006  _usb_have_csw_ready                usb

ASxxxx Linker V03.00 + NoICE + sdld,  page 11.
Hexadecimal  [32-Bits]

Area                                    Addr        Size        Decimal Bytes (Attributes)
--------------------------------        ----        ----        ------- ----- ------------
HOME                                00000000    00000029 =          41. bytes (REL,CON,CODE)

      Value  Global                              Global Defined In Module
      -----  --------------------------------   ------------------------
C:   00000026  __sdcc_program_startup             main

ASxxxx Linker V03.00 + NoICE + sdld,  page 12.
Hexadecimal  [32-Bits]

Area                                    Addr        Size        Decimal Bytes (Attributes)
--------------------------------        ----        ----        ------- ----- ------------
GSINIT0                             00000029    00000003 =           3. bytes (REL,CON,CODE)

      Value  Global                              Global Defined In Module
      -----  --------------------------------   ------------------------
C:   00000029  __sdcc_gsinit_startup              

ASxxxx Linker V03.00 + NoICE + sdld,  page 13.
Hexadecimal  [32-Bits]

Area                                    Addr        Size        Decimal Bytes (Attributes)
--------------------------------        ----        ----        ------- ----- ------------
GSINIT2                             0000002C    0000000A =          10. bytes (REL,CON,CODE)

      Value  Global                              Global Defined In Module
      -----  --------------------------------   ------------------------
ASxxxx Linker V03.00 + NoICE + sdld,  page 14.
Hexadecimal  [32-Bits]

Area                                    Addr        Size        Decimal Bytes (Attributes)
--------------------------------        ----        ----        ------- ----- ------------
GSINIT3                             00000036    00000022 =          34. bytes (REL,CON,CODE)

      Value  Global                              Global Defined In Module
      -----  --------------------------------   ------------------------
C:   00000036  __mcs51_genXINIT                   

ASxxxx Linker V03.00 + NoICE + sdld,  page 15.
Hexadecimal  [32-Bits]

Area                                    Addr        Size        Decimal Bytes (Attributes)
--------------------------------        ----        ----        ------- ----- ------------
GSINIT4                             00000058    0000002A =          42. bytes (REL,CON,CODE)

      Value  Global                              Global Defined In Module
      -----  --------------------------------   ------------------------
C:   00000058  __mcs51_genRAMCLEAR                
C:   0000005E  __mcs51_genXRAMCLEAR               

ASxxxx Linker V03.00 + NoICE + sdld,  page 16.
Hexadecimal  [32-Bits]

Area                                    Addr        Size        Decimal Bytes (Attributes)
--------------------------------        ----        ----        ------- ----- ------------
GSINIT                              00000082    00000010 =          16. bytes (REL,CON,CODE)

      Value  Global                              Global Defined In Module
      -----  --------------------------------   ------------------------
ASxxxx Linker V03.00 + NoICE + sdld,  page 17.
Hexadecimal  [32-Bits]

Area                                    Addr        Size        Decimal Bytes (Attributes)
--------------------------------        ----        ----        ------- ----- ------------
GSFINAL                             00000092    00000003 =           3. bytes (REL,CON,CODE)

      Value  Global                              Global Defined In Module
      -----  --------------------------------   ------------------------
ASxxxx Linker V03.00 + NoICE + sdld,  page 18.
Hexadecimal  [32-Bits]

Area                                    Addr        Size        Decimal Bytes (Attributes)
--------------------------------        ----        ----        ------- ----- ------------
CSEG                                00000095    000010FB =        4347. bytes (REL,CON,CODE)

      Value  Global                              Global Defined In Module
      -----  --------------------------------   ------------------------
C:   00000095  _InitHardware                      main
C:   000001A4  _DoUSBRelatedInit                  main
C:   0000026B  _SendKey                           main
C:   000002B3  _main                              main
C:   000003B9  _tmr1isr                           timers
C:   000003C6  _InitTicks                         timers
C:   0000040B  _GetTickCount                      timers
C:   0000040F  _tmr0isr                           timers
C:   00000496  _SetLEDThreshold                   timers
C:   0000049B  _InitLED                           timers
C:   000004B4  _LEDBlink                          timers
C:   000004BE  _LEDOff                            timers
C:   000004C8  _SetDMA                            usb
C:   00000504  _SendControlResponse               usb
C:   00000530  _SendData0                         usb
C:   0000058F  _SendData1                         usb
C:   000006FC  _InitUSB                           usb
C:   00000853  _usb_isr                           usb
C:   000009BF  _ep_isr                            usb
C:   00000A8E  _HandleUSBEvents                   usb
C:   00000CA9  _EP0ACK                            control
C:   00000DC1  _HandleStandardRequest             control
C:   00000E08  _HandleClassRequest                control
C:   00000E35  _HandleVendorRequest               control
C:   00000E39  _HandleCDB                         scsi
C:   000010F0  _com0isr                           serial
C:   000010F1  _memset                            _memset
C:   00001110  __gptrput                          _gptrput
C:   0000112B  __divuint                          _divuint
C:   00001154  __divsint                          _divsint
C:   0000118C  __sdcc_external_startup            _startup

ASxxxx Linker V03.00 + NoICE + sdld,  page 19.
Hexadecimal  [32-Bits]

Area                                    Addr        Size        Decimal Bytes (Attributes)
--------------------------------        ----        ----        ------- ----- ------------
CONST                               00001190    000020A2 =        8354. bytes (REL,CON,CODE)

      Value  Global                              Global Defined In Module
      -----  --------------------------------   ------------------------
ASxxxx Linker V03.00 + NoICE + sdld,  page 20.

Files Linked                              [ module(s) ]

bin\main.rel                              [  ]
bin\timers.rel                            [  ]
bin\usb.rel                               [  ]
bin\control.rel                           [  ]
bin\scsi.rel                              [  ]
bin\serial.rel                            [  ]


Libraries Linked                          [ object file ]

C:\Program Files\SDCC\bin\..\lib\small/mcs51.lib
                                          [ crtclear.rel ]
C:\Program Files\SDCC\bin\..\lib\small/libsdcc.lib
                                          [ _memset.rel ]
C:\Program Files\SDCC\bin\..\lib\small/mcs51.lib
                                          [ crtxinit.rel ]
C:\Program Files\SDCC\bin\..\lib\small/libsdcc.lib
                                          [ _gptrput.rel ]
C:\Program Files\SDCC\bin\..\lib\small/libint.lib
                                          [ _divuint.rel ]
C:\Program Files\SDCC\bin\..\lib\small/mcs51.lib
                                          [ crtxclear.rel ]
C:\Program Files\SDCC\bin\..\lib\small/mcs51.lib
                                          [ crtpagesfr.rel ]
C:\Program Files\SDCC\bin\..\lib\small/mcs51.lib
                                          [ crtstart.rel ]
C:\Program Files\SDCC\bin\..\lib\small/libint.lib
                                          [ _divsint.rel ]
C:\Program Files\SDCC\bin\..\lib\small/libsdcc.lib
                                          [ _startup.rel ]

ASxxxx Linker V03.00 + NoICE + sdld,  page 21.

User Base Address Definitions

HOME = 0x0000
XSEG = 0x6000
PSEG = 0x6000
ISEG = 0x0000
BSEG = 0x0000

