                                      1 ;--------------------------------------------------------
                                      2 ; File Created by SDCC : free open source ANSI-C Compiler
                                      3 ; Version 4.2.0 #13081 (Linux)
                                      4 ;--------------------------------------------------------
                                      5 	.module timers
                                      6 	.optsdcc -mmcs51 --model-small
                                      7
                                      8 ;--------------------------------------------------------
                                      9 ; Public variables in this module
                                     10 ;--------------------------------------------------------
                                     11 	.globl _tmr0isr
                                     12 	.globl _tmr1isr
                                     13 	.globl _RI
                                     14 	.globl _TI
                                     15 	.globl _RB8
                                     16 	.globl _TB8
                                     17 	.globl _REN
                                     18 	.globl _SM2
                                     19 	.globl _SM1
                                     20 	.globl _SM0
                                     21 	.globl _RXD
                                     22 	.globl _TXD
                                     23 	.globl _INT0
                                     24 	.globl _INT1
                                     25 	.globl _T0
                                     26 	.globl _T1
                                     27 	.globl _WR
                                     28 	.globl _RD
                                     29 	.globl _PX0
                                     30 	.globl _PT0
                                     31 	.globl _PX1
                                     32 	.globl _PT1
                                     33 	.globl _PS
                                     34 	.globl _EX0
                                     35 	.globl _ET0
                                     36 	.globl _EX1
                                     37 	.globl _ET1
                                     38 	.globl _ES
                                     39 	.globl _EA
                                     40 	.globl _IT0
                                     41 	.globl _IE0
                                     42 	.globl _IT1
                                     43 	.globl _IE1
                                     44 	.globl _TR0
                                     45 	.globl _TF0
                                     46 	.globl _TR1
                                     47 	.globl _TF1
                                     48 	.globl _P
                                     49 	.globl _OV
                                     50 	.globl _RS0
                                     51 	.globl _RS1
                                     52 	.globl _F0
                                     53 	.globl _AC
                                     54 	.globl _CY
                                     55 	.globl _SBUF
                                     56 	.globl _SCON
                                     57 	.globl _IP
                                     58 	.globl _IE
                                     59 	.globl _TH1
                                     60 	.globl _TH0
                                     61 	.globl _TL1
                                     62 	.globl _TL0
                                     63 	.globl _TMOD
                                     64 	.globl _TCON
                                     65 	.globl _PCON
                                     66 	.globl _DPH
                                     67 	.globl _DPL
                                     68 	.globl _SP
                                     69 	.globl _B
                                     70 	.globl _ACC
                                     71 	.globl _PSW
                                     72 	.globl _P3
                                     73 	.globl _P2
                                     74 	.globl _P1
                                     75 	.globl _P0
                                     76 	.globl _PRAMCTL
                                     77 	.globl _BANK2PAH
                                     78 	.globl _BANK2PAL
                                     79 	.globl _BANK2VA
                                     80 	.globl _BANK1PAH
                                     81 	.globl _BANK1PAL
                                     82 	.globl _BANK1VA
                                     83 	.globl _BANK0PAH
                                     84 	.globl _BANK0PAL
                                     85 	.globl _WARMSTATUS
                                     86 	.globl _GPIO0OUT
                                     87 	.globl _GPIO0DIR
                                     88 	.globl _DMACMD
                                     89 	.globl _DMAFILL3
                                     90 	.globl _DMAFILL2
                                     91 	.globl _DMAFILL1
                                     92 	.globl _DMAFILL0
                                     93 	.globl _DMASIZEH
                                     94 	.globl _DMASIZEM
                                     95 	.globl _DMASIZEL
                                     96 	.globl _DMADSTH
                                     97 	.globl _DMADSTM
                                     98 	.globl _DMADSTL
                                     99 	.globl _DMASRCH
                                    100 	.globl _DMASRCM
                                    101 	.globl _DMASRCL
                                    102 	.globl _NANDCSDIR
                                    103 	.globl _NANDCSOUT
                                    104 	.globl _EP4
                                    105 	.globl _EP3
                                    106 	.globl _EP2
                                    107 	.globl _EP1
                                    108 	.globl _EP0
                                    109 	.globl _SETUPDAT
                                    110 	.globl _EP0CS
                                    111 	.globl _EPIE
                                    112 	.globl _EPIRQ
                                    113 	.globl _USBIRQ
                                    114 	.globl _USBSTAT
                                    115 	.globl _USBCTL
                                    116 	.globl _REGBANK
                                    117 	.globl _InitTicks
                                    118 	.globl _GetTickCount
                                    119 	.globl _SetLEDThreshold
                                    120 	.globl _InitLED
                                    121 	.globl _LEDBlink
                                    122 	.globl _LEDOff
                                    123 ;--------------------------------------------------------
                                    124 ; special function registers
                                    125 ;--------------------------------------------------------
                                    126 	.area RSEG    (ABS,DATA)
      000000                        127 	.org 0x0000
                           000080   128 _P0	=	0x0080
                           000090   129 _P1	=	0x0090
                           0000A0   130 _P2	=	0x00a0
                           0000B0   131 _P3	=	0x00b0
                           0000D0   132 _PSW	=	0x00d0
                           0000E0   133 _ACC	=	0x00e0
                           0000F0   134 _B	=	0x00f0
                           000081   135 _SP	=	0x0081
                           000082   136 _DPL	=	0x0082
                           000083   137 _DPH	=	0x0083
                           000087   138 _PCON	=	0x0087
                           000088   139 _TCON	=	0x0088
                           000089   140 _TMOD	=	0x0089
                           00008A   141 _TL0	=	0x008a
                           00008B   142 _TL1	=	0x008b
                           00008C   143 _TH0	=	0x008c
                           00008D   144 _TH1	=	0x008d
                           0000A8   145 _IE	=	0x00a8
                           0000B8   146 _IP	=	0x00b8
                           000098   147 _SCON	=	0x0098
                           000099   148 _SBUF	=	0x0099
                                    149 ;--------------------------------------------------------
                                    150 ; special function bits
                                    151 ;--------------------------------------------------------
                                    152 	.area RSEG    (ABS,DATA)
      000000                        153 	.org 0x0000
                           0000D7   154 _CY	=	0x00d7
                           0000D6   155 _AC	=	0x00d6
                           0000D5   156 _F0	=	0x00d5
                           0000D4   157 _RS1	=	0x00d4
                           0000D3   158 _RS0	=	0x00d3
                           0000D2   159 _OV	=	0x00d2
                           0000D0   160 _P	=	0x00d0
                           00008F   161 _TF1	=	0x008f
                           00008E   162 _TR1	=	0x008e
                           00008D   163 _TF0	=	0x008d
                           00008C   164 _TR0	=	0x008c
                           00008B   165 _IE1	=	0x008b
                           00008A   166 _IT1	=	0x008a
                           000089   167 _IE0	=	0x0089
                           000088   168 _IT0	=	0x0088
                           0000AF   169 _EA	=	0x00af
                           0000AC   170 _ES	=	0x00ac
                           0000AB   171 _ET1	=	0x00ab
                           0000AA   172 _EX1	=	0x00aa
                           0000A9   173 _ET0	=	0x00a9
                           0000A8   174 _EX0	=	0x00a8
                           0000BC   175 _PS	=	0x00bc
                           0000BB   176 _PT1	=	0x00bb
                           0000BA   177 _PX1	=	0x00ba
                           0000B9   178 _PT0	=	0x00b9
                           0000B8   179 _PX0	=	0x00b8
                           0000B7   180 _RD	=	0x00b7
                           0000B6   181 _WR	=	0x00b6
                           0000B5   182 _T1	=	0x00b5
                           0000B4   183 _T0	=	0x00b4
                           0000B3   184 _INT1	=	0x00b3
                           0000B2   185 _INT0	=	0x00b2
                           0000B1   186 _TXD	=	0x00b1
                           0000B0   187 _RXD	=	0x00b0
                           00009F   188 _SM0	=	0x009f
                           00009E   189 _SM1	=	0x009e
                           00009D   190 _SM2	=	0x009d
                           00009C   191 _REN	=	0x009c
                           00009B   192 _TB8	=	0x009b
                           00009A   193 _RB8	=	0x009a
                           000099   194 _TI	=	0x0099
                           000098   195 _RI	=	0x0098
                                    196 ;--------------------------------------------------------
                                    197 ; overlayable register banks
                                    198 ;--------------------------------------------------------
                                    199 	.area REG_BANK_0	(REL,OVR,DATA)
      000000                        200 	.ds 8
                                    201 ;--------------------------------------------------------
                                    202 ; internal ram data
                                    203 ;--------------------------------------------------------
                                    204 	.area DSEG    (DATA)
      000000                        205 _tmr0count:
      000000                        206 	.ds 1
      000001                        207 _led_ticks:
      000001                        208 	.ds 1
      000002                        209 _led_timer:
      000002                        210 	.ds 1
      000003                        211 _led_tick_threshold:
      000003                        212 	.ds 1
      000004                        213 _tmr1count:
      000004                        214 	.ds 1
      000005                        215 _tmr1reload:
      000005                        216 	.ds 2
                                    217 ;--------------------------------------------------------
                                    218 ; overlayable items in internal ram
                                    219 ;--------------------------------------------------------
                                    220 	.area	OSEG    (OVR,DATA)
                                    221 ;--------------------------------------------------------
                                    222 ; indirectly addressable internal ram data
                                    223 ;--------------------------------------------------------
                                    224 	.area ISEG    (DATA)
                                    225 ;--------------------------------------------------------
                                    226 ; absolute internal ram data
                                    227 ;--------------------------------------------------------
                                    228 	.area IABS    (ABS,DATA)
                                    229 	.area IABS    (ABS,DATA)
                                    230 ;--------------------------------------------------------
                                    231 ; bit data
                                    232 ;--------------------------------------------------------
                                    233 	.area BSEG    (BIT)
                                    234 ;--------------------------------------------------------
                                    235 ; paged external ram data
                                    236 ;--------------------------------------------------------
                                    237 	.area PSEG    (PAG,XDATA)
                                    238 ;--------------------------------------------------------
                                    239 ; external ram data
                                    240 ;--------------------------------------------------------
                                    241 	.area XSEG    (XDATA)
                           00F000   242 _REGBANK	=	0xf000
                           00F008   243 _USBCTL	=	0xf008
                           00F009   244 _USBSTAT	=	0xf009
                           00F027   245 _USBIRQ	=	0xf027
                           00F020   246 _EPIRQ	=	0xf020
                           00F030   247 _EPIE	=	0xf030
                           00F048   248 _EP0CS	=	0xf048
                           00F0B8   249 _SETUPDAT	=	0xf0b8
                           00F1C0   250 _EP0	=	0xf1c0
                           00F200   251 _EP1	=	0xf200
                           00F240   252 _EP2	=	0xf240
                           00F280   253 _EP3	=	0xf280
                           00F2C0   254 _EP4	=	0xf2c0
                           00F608   255 _NANDCSOUT	=	0xf608
                           00F618   256 _NANDCSDIR	=	0xf618
                           00F900   257 _DMASRCL	=	0xf900
                           00F901   258 _DMASRCM	=	0xf901
                           00F902   259 _DMASRCH	=	0xf902
                           00F904   260 _DMADSTL	=	0xf904
                           00F905   261 _DMADSTM	=	0xf905
                           00F906   262 _DMADSTH	=	0xf906
                           00F908   263 _DMASIZEL	=	0xf908
                           00F909   264 _DMASIZEM	=	0xf909
                           00F90A   265 _DMASIZEH	=	0xf90a
                           00F90C   266 _DMAFILL0	=	0xf90c
                           00F90D   267 _DMAFILL1	=	0xf90d
                           00F90E   268 _DMAFILL2	=	0xf90e
                           00F90F   269 _DMAFILL3	=	0xf90f
                           00F930   270 _DMACMD	=	0xf930
                           00FA14   271 _GPIO0DIR	=	0xfa14
                           00FA15   272 _GPIO0OUT	=	0xfa15
                           00FA38   273 _WARMSTATUS	=	0xfa38
                           00FA40   274 _BANK0PAL	=	0xfa40
                           00FA41   275 _BANK0PAH	=	0xfa41
                           00FA42   276 _BANK1VA	=	0xfa42
                           00FA43   277 _BANK1PAL	=	0xfa43
                           00FA44   278 _BANK1PAH	=	0xfa44
                           00FA45   279 _BANK2VA	=	0xfa45
                           00FA46   280 _BANK2PAL	=	0xfa46
                           00FA47   281 _BANK2PAH	=	0xfa47
                           00FA48   282 _PRAMCTL	=	0xfa48
                                    283 ;--------------------------------------------------------
                                    284 ; absolute external ram data
                                    285 ;--------------------------------------------------------
                                    286 	.area XABS    (ABS,XDATA)
                                    287 ;--------------------------------------------------------
                                    288 ; external initialized ram data
                                    289 ;--------------------------------------------------------
                                    290 	.area XISEG   (XDATA)
                                    291 	.area HOME    (CODE)
                                    292 	.area GSINIT0 (CODE)
                                    293 	.area GSINIT1 (CODE)
                                    294 	.area GSINIT2 (CODE)
                                    295 	.area GSINIT3 (CODE)
                                    296 	.area GSINIT4 (CODE)
                                    297 	.area GSINIT5 (CODE)
                                    298 	.area GSINIT  (CODE)
                                    299 	.area GSFINAL (CODE)
                                    300 	.area CSEG    (CODE)
                                    301 ;--------------------------------------------------------
                                    302 ; global & static initialisations
                                    303 ;--------------------------------------------------------
                                    304 	.area HOME    (CODE)
                                    305 	.area GSINIT  (CODE)
                                    306 	.area GSFINAL (CODE)
                                    307 	.area GSINIT  (CODE)
                                    308 ;--------------------------------------------------------
                                    309 ; Home
                                    310 ;--------------------------------------------------------
                                    311 	.area HOME    (CODE)
                                    312 	.area HOME    (CODE)
                                    313 ;--------------------------------------------------------
                                    314 ; code
                                    315 ;--------------------------------------------------------
                                    316 	.area CSEG    (CODE)
                                    317 ;------------------------------------------------------------
                                    318 ;Allocation info for local variables in function 'tmr1isr'
                                    319 ;------------------------------------------------------------
                                    320 ;	timers.c:8: void tmr1isr(void) __interrupt TMR1_VECT
                                    321 ;	-----------------------------------------
                                    322 ;	 function tmr1isr
                                    323 ;	-----------------------------------------
      000000                        324 _tmr1isr:
                           000007   325 	ar7 = 0x07
                           000006   326 	ar6 = 0x06
                           000005   327 	ar5 = 0x05
                           000004   328 	ar4 = 0x04
                           000003   329 	ar3 = 0x03
                           000002   330 	ar2 = 0x02
                           000001   331 	ar1 = 0x01
                           000000   332 	ar0 = 0x00
                                    333 ;	timers.c:10: TR1 = 0;
                                    334 ;	assignBit
      000000 C2 8E            [12]  335 	clr	_TR1
                                    336 ;	timers.c:11: TH1 = MSB(tmr1reload);
      000002 85*06 8D         [24]  337 	mov	_TH1,(_tmr1reload + 1)
                                    338 ;	timers.c:12: TL1 = LSB(tmr1reload);
      000005 85*05 8B         [24]  339 	mov	_TL1,_tmr1reload
                                    340 ;	timers.c:13: tmr1count++;
      000008 05*04            [12]  341 	inc	_tmr1count
                                    342 ;	timers.c:14: TR1 = 1;
                                    343 ;	assignBit
      00000A D2 8E            [12]  344 	setb	_TR1
                                    345 ;	timers.c:15: }
      00000C 32               [24]  346 	reti
                                    347 ;	eliminated unneeded mov psw,# (no regs used in bank)
                                    348 ;	eliminated unneeded push/pop not_psw
                                    349 ;	eliminated unneeded push/pop dpl
                                    350 ;	eliminated unneeded push/pop dph
                                    351 ;	eliminated unneeded push/pop b
                                    352 ;	eliminated unneeded push/pop acc
                                    353 ;------------------------------------------------------------
                                    354 ;Allocation info for local variables in function 'InitTicks'
                                    355 ;------------------------------------------------------------
                                    356 ;	timers.c:17: void InitTicks()
                                    357 ;	-----------------------------------------
                                    358 ;	 function InitTicks
                                    359 ;	-----------------------------------------
      00000D                        360 _InitTicks:
                                    361 ;	timers.c:19: if (XVAL(0xFA60) == 0x0F)
      00000D 90 FA 60         [24]  362 	mov	dptr,#0xfa60
      000010 E0               [24]  363 	movx	a,@dptr
      000011 FF               [12]  364 	mov	r7,a
      000012 BF 0F 08         [24]  365 	cjne	r7,#0x0f,00102$
                                    366 ;	timers.c:21: tmr1reload = 0xF63C;
      000015 75*05 3C         [24]  367 	mov	_tmr1reload,#0x3c
      000018 75*06 F6         [24]  368 	mov	(_tmr1reload + 1),#0xf6
      00001B 80 25            [24]  369 	sjmp	00103$
      00001D                        370 00102$:
                                    371 ;	timers.c:25: tmr1reload = 0-(2500/(XVAL(0xFA60)+2));
      00001D 90 FA 60         [24]  372 	mov	dptr,#0xfa60
      000020 E0               [24]  373 	movx	a,@dptr
      000021 FF               [12]  374 	mov	r7,a
      000022 7E 00            [12]  375 	mov	r6,#0x00
      000024 74 02            [12]  376 	mov	a,#0x02
      000026 2F               [12]  377 	add	a,r7
      000027 F5*00            [12]  378 	mov	__divsint_PARM_2,a
      000029 E4               [12]  379 	clr	a
      00002A 3E               [12]  380 	addc	a,r6
      00002B F5*01            [12]  381 	mov	(__divsint_PARM_2 + 1),a
      00002D 90 09 C4         [24]  382 	mov	dptr,#0x09c4
      000030 12r00r00         [24]  383 	lcall	__divsint
      000033 AE 82            [24]  384 	mov	r6,dpl
      000035 AF 83            [24]  385 	mov	r7,dph
      000037 C3               [12]  386 	clr	c
      000038 E4               [12]  387 	clr	a
      000039 9E               [12]  388 	subb	a,r6
      00003A FE               [12]  389 	mov	r6,a
      00003B E4               [12]  390 	clr	a
      00003C 9F               [12]  391 	subb	a,r7
      00003D FF               [12]  392 	mov	r7,a
      00003E 8E*05            [24]  393 	mov	_tmr1reload,r6
      000040 8F*06            [24]  394 	mov	(_tmr1reload + 1),r7
      000042                        395 00103$:
                                    396 ;	timers.c:28: tmr1count = 0;
      000042 75*04 00         [24]  397 	mov	_tmr1count,#0x00
                                    398 ;	timers.c:29: TR1 = 0;
                                    399 ;	assignBit
      000045 C2 8E            [12]  400 	clr	_TR1
                                    401 ;	timers.c:30: ET1 = 1;
                                    402 ;	assignBit
      000047 D2 AB            [12]  403 	setb	_ET1
                                    404 ;	timers.c:31: TMOD = TMOD & 0x0F | 0x10;
      000049 E5 89            [12]  405 	mov	a,_TMOD
      00004B 54 0F            [12]  406 	anl	a,#0x0f
      00004D 44 10            [12]  407 	orl	a,#0x10
      00004F F5 89            [12]  408 	mov	_TMOD,a
                                    409 ;	timers.c:32: }
      000051 22               [24]  410 	ret
                                    411 ;------------------------------------------------------------
                                    412 ;Allocation info for local variables in function 'GetTickCount'
                                    413 ;------------------------------------------------------------
                                    414 ;	timers.c:34: BYTE GetTickCount(void)
                                    415 ;	-----------------------------------------
                                    416 ;	 function GetTickCount
                                    417 ;	-----------------------------------------
      000052                        418 _GetTickCount:
                                    419 ;	timers.c:36: return tmr1count;
      000052 85*04 82         [24]  420 	mov	dpl,_tmr1count
                                    421 ;	timers.c:37: }
      000055 22               [24]  422 	ret
                                    423 ;------------------------------------------------------------
                                    424 ;Allocation info for local variables in function 'tmr0isr'
                                    425 ;------------------------------------------------------------
                                    426 ;	timers.c:39: void tmr0isr(void) __interrupt TMR0_VECT
                                    427 ;	-----------------------------------------
                                    428 ;	 function tmr0isr
                                    429 ;	-----------------------------------------
      000056                        430 _tmr0isr:
      000056 C0 E0            [24]  431 	push	acc
      000058 C0 82            [24]  432 	push	dpl
      00005A C0 83            [24]  433 	push	dph
      00005C C0 07            [24]  434 	push	ar7
      00005E C0 D0            [24]  435 	push	psw
      000060 75 D0 00         [24]  436 	mov	psw,#0x00
                                    437 ;	timers.c:42: TR0 = 0;
                                    438 ;	assignBit
      000063 C2 8C            [12]  439 	clr	_TR0
                                    440 ;	timers.c:43: TL0 = 0xE6;
      000065 75 8A E6         [24]  441 	mov	_TL0,#0xe6
                                    442 ;	timers.c:44: TH0 = 0x96;
      000068 75 8C 96         [24]  443 	mov	_TH0,#0x96
                                    444 ;	timers.c:45: TR0 = 1;
                                    445 ;	assignBit
      00006B D2 8C            [12]  446 	setb	_TR0
                                    447 ;	timers.c:47: if ((GPIO0OUT & 2) == 0) //turned off
      00006D 90 FA 15         [24]  448 	mov	dptr,#_GPIO0OUT
      000070 E0               [24]  449 	movx	a,@dptr
      000071 20 E1 02         [24]  450 	jb	acc.1,00102$
                                    451 ;	timers.c:49: return;
      000074 80 51            [24]  452 	sjmp	00114$
      000076                        453 00102$:
                                    454 ;	timers.c:52: tmr0count++;
      000076 05*00            [12]  455 	inc	_tmr0count
                                    456 ;	timers.c:53: led_ticks++;
      000078 05*01            [12]  457 	inc	_led_ticks
                                    458 ;	timers.c:54: if (led_ticks < led_tick_threshold)
      00007A C3               [12]  459 	clr	c
      00007B E5*01            [12]  460 	mov	a,_led_ticks
      00007D 95*03            [12]  461 	subb	a,_led_tick_threshold
      00007F 50 02            [24]  462 	jnc	00104$
                                    463 ;	timers.c:56: return;
      000081 80 44            [24]  464 	sjmp	00114$
      000083                        465 00104$:
                                    466 ;	timers.c:59: led_ticks = 0;
      000083 75*01 00         [24]  467 	mov	_led_ticks,#0x00
                                    468 ;	timers.c:60: if (led_timer >= 31)
      000086 74 E1            [12]  469 	mov	a,#0x100 - 0x1f
      000088 25*02            [12]  470 	add	a,_led_timer
      00008A 50 0B            [24]  471 	jnc	00106$
                                    472 ;	timers.c:62: GPIO0OUT = 1;
      00008C 90 FA 15         [24]  473 	mov	dptr,#_GPIO0OUT
      00008F 74 01            [12]  474 	mov	a,#0x01
      000091 F0               [24]  475 	movx	@dptr,a
                                    476 ;	timers.c:63: led_timer = 0;
      000092 75*02 00         [24]  477 	mov	_led_timer,#0x00
                                    478 ;	timers.c:64: return;
      000095 80 30            [24]  479 	sjmp	00114$
      000097                        480 00106$:
                                    481 ;	timers.c:67: if (led_timer >= 10)
      000097 74 F6            [12]  482 	mov	a,#0x100 - 0x0a
      000099 25*02            [12]  483 	add	a,_led_timer
      00009B 50 0B            [24]  484 	jnc	00108$
                                    485 ;	timers.c:69: GPIO0OUT = ~GPIO0OUT;
      00009D 90 FA 15         [24]  486 	mov	dptr,#_GPIO0OUT
      0000A0 E0               [24]  487 	movx	a,@dptr
      0000A1 FF               [12]  488 	mov	r7,a
      0000A2 F4               [12]  489 	cpl	a
      0000A3 F0               [24]  490 	movx	@dptr,a
                                    491 ;	timers.c:70: led_timer++;
      0000A4 05*02            [12]  492 	inc	_led_timer
                                    493 ;	timers.c:71: return;
      0000A6 80 1F            [24]  494 	sjmp	00114$
      0000A8                        495 00108$:
                                    496 ;	timers.c:74: if (led_timer == 0)
      0000A8 E5*02            [12]  497 	mov	a,_led_timer
      0000AA 70 02            [24]  498 	jnz	00110$
                                    499 ;	timers.c:76: return;
      0000AC 80 19            [24]  500 	sjmp	00114$
      0000AE                        501 00110$:
                                    502 ;	timers.c:79: if (GPIO0OUT & 1)
      0000AE 90 FA 15         [24]  503 	mov	dptr,#_GPIO0OUT
      0000B1 E0               [24]  504 	movx	a,@dptr
      0000B2 30 E0 0A         [24]  505 	jnb	acc.0,00112$
                                    506 ;	timers.c:81: GPIO0OUT &= 0xFE;
      0000B5 90 FA 15         [24]  507 	mov	dptr,#_GPIO0OUT
      0000B8 E0               [24]  508 	movx	a,@dptr
      0000B9 53 E0 FE         [24]  509 	anl	acc,#0xfe
      0000BC F0               [24]  510 	movx	@dptr,a
      0000BD 80 08            [24]  511 	sjmp	00114$
      0000BF                        512 00112$:
                                    513 ;	timers.c:85: GPIO0OUT |= 1;
      0000BF 90 FA 15         [24]  514 	mov	dptr,#_GPIO0OUT
      0000C2 E0               [24]  515 	movx	a,@dptr
      0000C3 43 E0 01         [24]  516 	orl	acc,#0x01
      0000C6 F0               [24]  517 	movx	@dptr,a
      0000C7                        518 00114$:
                                    519 ;	timers.c:87: }
      0000C7 D0 D0            [24]  520 	pop	psw
      0000C9 D0 07            [24]  521 	pop	ar7
      0000CB D0 83            [24]  522 	pop	dph
      0000CD D0 82            [24]  523 	pop	dpl
      0000CF D0 E0            [24]  524 	pop	acc
      0000D1 32               [24]  525 	reti
                                    526 ;	eliminated unneeded push/pop b
                                    527 ;------------------------------------------------------------
                                    528 ;Allocation info for local variables in function 'SetLEDThreshold'
                                    529 ;------------------------------------------------------------
                                    530 ;threshold                 Allocated to registers r6 r7
                                    531 ;------------------------------------------------------------
                                    532 ;	timers.c:89: void SetLEDThreshold(int threshold)
                                    533 ;	-----------------------------------------
                                    534 ;	 function SetLEDThreshold
                                    535 ;	-----------------------------------------
      0000D2                        536 _SetLEDThreshold:
      0000D2 AE 82            [24]  537 	mov	r6,dpl
                                    538 ;	timers.c:91: led_tick_threshold = threshold;
      0000D4 8E*03            [24]  539 	mov	_led_tick_threshold,r6
                                    540 ;	timers.c:92: }
      0000D6 22               [24]  541 	ret
                                    542 ;------------------------------------------------------------
                                    543 ;Allocation info for local variables in function 'InitLED'
                                    544 ;------------------------------------------------------------
                                    545 ;	timers.c:94: void InitLED(void)
                                    546 ;	-----------------------------------------
                                    547 ;	 function InitLED
                                    548 ;	-----------------------------------------
      0000D7                        549 _InitLED:
                                    550 ;	timers.c:96: led_tick_threshold = 100;
      0000D7 75*03 64         [24]  551 	mov	_led_tick_threshold,#0x64
                                    552 ;	timers.c:97: tmr0count = 0;
      0000DA 75*00 00         [24]  553 	mov	_tmr0count,#0x00
                                    554 ;	timers.c:98: GPIO0OUT = 3;
      0000DD 90 FA 15         [24]  555 	mov	dptr,#_GPIO0OUT
      0000E0 74 03            [12]  556 	mov	a,#0x03
      0000E2 F0               [24]  557 	movx	@dptr,a
                                    558 ;	timers.c:99: led_ticks = 0;
      0000E3 75*01 00         [24]  559 	mov	_led_ticks,#0x00
                                    560 ;	timers.c:100: led_timer = 0;
      0000E6 75*02 00         [24]  561 	mov	_led_timer,#0x00
                                    562 ;	timers.c:101: EA = 1;
                                    563 ;	assignBit
      0000E9 D2 AF            [12]  564 	setb	_EA
                                    565 ;	timers.c:102: ET0 = 1;
                                    566 ;	assignBit
      0000EB D2 A9            [12]  567 	setb	_ET0
                                    568 ;	timers.c:103: TR0 = 1;
                                    569 ;	assignBit
      0000ED D2 8C            [12]  570 	setb	_TR0
                                    571 ;	timers.c:104: }
      0000EF 22               [24]  572 	ret
                                    573 ;------------------------------------------------------------
                                    574 ;Allocation info for local variables in function 'LEDBlink'
                                    575 ;------------------------------------------------------------
                                    576 ;	timers.c:106: void LEDBlink(void)
                                    577 ;	-----------------------------------------
                                    578 ;	 function LEDBlink
                                    579 ;	-----------------------------------------
      0000F0                        580 _LEDBlink:
                                    581 ;	timers.c:108: GPIO0OUT = 2;
      0000F0 90 FA 15         [24]  582 	mov	dptr,#_GPIO0OUT
      0000F3 74 02            [12]  583 	mov	a,#0x02
      0000F5 F0               [24]  584 	movx	@dptr,a
                                    585 ;	timers.c:109: led_timer = 1;
      0000F6 75*02 01         [24]  586 	mov	_led_timer,#0x01
                                    587 ;	timers.c:110: }
      0000F9 22               [24]  588 	ret
                                    589 ;------------------------------------------------------------
                                    590 ;Allocation info for local variables in function 'LEDOff'
                                    591 ;------------------------------------------------------------
                                    592 ;	timers.c:112: void LEDOff(void)
                                    593 ;	-----------------------------------------
                                    594 ;	 function LEDOff
                                    595 ;	-----------------------------------------
      0000FA                        596 _LEDOff:
                                    597 ;	timers.c:114: GPIO0OUT = 3;
      0000FA 90 FA 15         [24]  598 	mov	dptr,#_GPIO0OUT
      0000FD 74 03            [12]  599 	mov	a,#0x03
      0000FF F0               [24]  600 	movx	@dptr,a
                                    601 ;	timers.c:115: led_timer = 0;
      000100 75*02 00         [24]  602 	mov	_led_timer,#0x00
                                    603 ;	timers.c:116: }
      000103 22               [24]  604 	ret
                                    605 	.area CSEG    (CODE)
                                    606 	.area CONST   (CODE)
                                    607 	.area XINIT   (CODE)
                                    608 	.area CABS    (ABS,CODE)
